n/1596111488938.jpg
n/3NIEQB3SFVCMNHH6MHZ42FO6PA.jpg
n/17285-abstract-yellow-pink-wave-background-design.jpg
n/1e821d637933b9c03123a8d3e59cdb45.jpg
n/1596111488937.jpg
n/2363716.jpg
n/91391000-black-and-white-geometric-pattern-triangle-polygon-design-vector-background.jpg
n/42411174-geometric-triangle-pattern-background-grey-white-vector.jpg
n/79344814-grey-triangles-seamless-pattern-geometric-wallpaper-vector-background.jpg
n/80907058-simple-gray-background-made-of-triangles-of-white-and-grey-triangles.jpg
n/22386825-vector-seamless-geometric-simple-pattern-gray-abstract-background-for-design.jpg
n/1596111488946.jpg
n/1596111488945.jpg
n/1596111488944.jpg
n/1596111488943.jpg
n/1596111488942.jpg
n/1596111488941.jpg
n/rm200-nunoon-33.jpg
n/istockphoto-1138395421-612x612.jpg
n/1596111488940.jpg
n/abstract-background-blue-green-gradient-panels-little-crosses-websites-business-cards-postcards-advertisements-153510908.jpg
n/spring-background-4035402__340.jpg
n/html-color-codes-color-tutorials-hero-00e10b1f.jpg
n/abstract-blue-red-smoke-steam-260nw-1468643051.jpg
n/watercolor-background_87374-69.jpg
n/rm21-smoke-bb-5_1.jpg
n/1596111488935.jpg
n/pngtree-pure-color-watercolor-graffiti-gradient-background-board-design-board-design-image_66713.jpg
n/1596111488947.jpg
n/pexels-photo-949587.jpeg
n/af8d63a477078732b79ff9d9fc60873f.jpg
n/photo-1579546929518-9e396f3cc809.jpg
n/abstract-technology-particle-background_52683-25766.jpg
n/1596111488934.jpg
n/1596111488933.jpg
n/download.jpg
n/pexels-photo-255379.jpeg
n/colorful-memphis-design-background-vector_53876-85181.jpg
n/170_MjkwOTIwMTkgQWJzdHJhY3QgbWVtcGhpcyAtMDQ.jpg
n/1596111488939.jpg
n/1596111488936.jpg
n/GatorEyes.jpg
n/123815906-black-black-white-lines-background-on-white-background-geometric-decorative-texture-simple-design-ba.jpg
n/84740961-abstract-mosaic-background-on-a-simple-presentation-.jpg
n/36056927-stock-vector-blue-white-light-polygonal-mosaic-background-vector-illustration-creative-business-design-templates.jpg
n/images.jpg
n/Wallpaper-bug-759.jpg
n/1596111488935.jpeg
n/ezuww7uuwamdefi-1591208082.jpeg